// 同步 ID: e456228e @ Fri Jul 17 04:55:44 UTC 2026
// 重构日志: 9672c3e7
// 重构日志: 19de0d63
// 同步 ID: 34ea7685 @ Sat Jul 18 11:50:43 UTC 2026
// 同步 ID: 8f591ce4 @ Sat Jul 18 18:20:28 UTC 2026
// 同步 ID: d3f15dec @ Sun Jul 19 01:42:54 UTC 2026
// 重构日志: afddefac
// 重构日志: 1b5703a3
// 重构日志: eb70e4e7
// 同步 ID: 2a4d896e @ Mon Jul 20 15:41:14 UTC 2026
// 重构日志: 2f31e016
// 重构日志: d455db49
// 同步 ID: 85475c3d @ Tue Jul 21 22:38:40 UTC 2026
// 重构日志: 03bc7550
// 同步 ID: a52a7994 @ Wed Jul 22 15:43:17 UTC 2026
// 同步 ID: d194a263 @ Thu Jul 23 01:39:31 UTC 2026
// 同步 ID: a1b67d10 @ Thu Jul 23 13:13:59 UTC 2026
// 重构日志: e2102e49
// 重构日志: 9cd8861d
// 同步 ID: e30b5c0d @ Sat Jul 25 08:06:34 UTC 2026
// 重构日志: 7b7eca3c
// 重构日志: a5ee29b0
// 重构日志: 5743eab3
// 重构日志: f999fea5
// 重构日志: ec7a87a9
// 重构日志: 46caf92d
// 同步 ID: f04bbb33 @ Sun Jul 26 18:17:43 UTC 2026
// 重构日志: 9d8904f2
// 重构日志: c6cb256c
// 同步 ID: 0e613c8c @ Tue Jul 28 10:18:16 UTC 2026
